[2026-05-17T05:07:16.320Z] switchDatabase - Request to switch to: mysql
[2026-05-17T05:07:16.358Z] getTables - Current DB: mysql, Tables count: 38, Tables: ["columns_priv","component","db","default_roles","engine_cost","func","general_log","global_grants","gtid_executed","help_category","help_keyword","help_relation","help_topic","innodb_index_stats","innodb_table_stats","ndb_binlog_index","password_history","plugin","procs_priv","proxies_priv","replication_asynchronous_connection_failover","replication_asynchronous_connection_failover_managed","replication_group_configuration_version","replication_group_member_actions","role_edges","server_cost","servers","slave_master_info","slave_relay_log_info","slave_worker_info","slow_log","tables_priv","time_zone","time_zone_leap_second","time_zone_name","time_zone_transition","time_zone_transition_type","user"]
[2026-05-17T05:07:20.854Z] switchDatabase - Request to switch to: performance_schema
[2026-05-17T05:07:20.924Z] getTables - Current DB: performance_schema, Tables count: 111, Tables: ["accounts","binary_log_transaction_compression_stats","cond_instances","data_lock_waits","data_locks","error_log","events_errors_summary_by_account_by_error","events_errors_summary_by_host_by_error","events_errors_summary_by_thread_by_error","events_errors_summary_by_user_by_error","events_errors_summary_global_by_error","events_stages_current","events_stages_history","events_stages_history_long","events_stages_summary_by_account_by_event_name","events_stages_summary_by_host_by_event_name","events_stages_summary_by_thread_by_event_name","events_stages_summary_by_user_by_event_name","events_stages_summary_global_by_event_name","events_statements_current","events_statements_histogram_by_digest","events_statements_histogram_global","events_statements_history","events_statements_history_long","events_statements_summary_by_account_by_event_name","events_statements_summary_by_digest","events_statements_summary_by_host_by_event_name","events_statements_summary_by_program","events_statements_summary_by_thread_by_event_name","events_statements_summary_by_user_by_event_name","events_statements_summary_global_by_event_name","events_transactions_current","events_transactions_history","events_transactions_history_long","events_transactions_summary_by_account_by_event_name","events_transactions_summary_by_host_by_event_name","events_transactions_summary_by_thread_by_event_name","events_transactions_summary_by_user_by_event_name","events_transactions_summary_global_by_event_name","events_waits_current","events_waits_history","events_waits_history_long","events_waits_summary_by_account_by_event_name","events_waits_summary_by_host_by_event_name","events_waits_summary_by_instance","events_waits_summary_by_thread_by_event_name","events_waits_summary_by_user_by_event_name","events_waits_summary_global_by_event_name","file_instances","file_summary_by_event_name","file_summary_by_instance","global_status","global_variables","host_cache","hosts","innodb_redo_log_files","keyring_component_status","keyring_keys","log_status","memory_summary_by_account_by_event_name","memory_summary_by_host_by_event_name","memory_summary_by_thread_by_event_name","memory_summary_by_user_by_event_name","memory_summary_global_by_event_name","metadata_locks","mutex_instances","objects_summary_global_by_type","performance_timers","persisted_variables","prepared_statements_instances","processlist","replication_applier_configuration","replication_applier_filters","replication_applier_global_filters","replication_applier_status","replication_applier_status_by_coordinator","replication_applier_status_by_worker","replication_asynchronous_connection_failover","replication_asynchronous_connection_failover_managed","replication_connection_configuration","replication_connection_status","replication_group_member_stats","replication_group_members","rwlock_instances","session_account_connect_attrs","session_connect_attrs","session_status","session_variables","setup_actors","setup_consumers","setup_instruments","setup_objects","setup_threads","socket_instances","socket_summary_by_event_name","socket_summary_by_instance","status_by_account","status_by_host","status_by_thread","status_by_user","table_handles","table_io_waits_summary_by_index_usage","table_io_waits_summary_by_table","table_lock_waits_summary_by_table","threads","tls_channel_status","user_defined_functions","user_variables_by_thread","users","variables_by_thread","variables_info"]
[2026-05-17T05:07:25.774Z] switchDatabase - Request to switch to: sakila
[2026-05-17T05:07:25.838Z] getTables - Current DB: sakila, Tables count: 23, Tables: ["actor","actor_info","address","category","city","country","customer","customer_list","film","film_actor","film_category","film_list","film_text","inventory","language","nicer_but_slower_film_list","payment","rental","sales_by_film_category","sales_by_store","staff","staff_list","store"]
[2026-05-17T05:07:29.935Z] switchDatabase - Request to switch to: sqlbot_db
[2026-05-17T05:07:29.962Z] getTables - Current DB: sqlbot_db, Tables count: 5, Tables: ["employees","orders","products","subscriptions","users"]
[2026-05-17T05:08:06.005Z] getTables - Current DB: sqlbot_db, Tables count: 5, Tables: ["employees","orders","products","subscriptions","users"]
[2026-05-17T05:08:06.015Z] getTables - Current DB: sqlbot_db, Tables count: 5, Tables: ["employees","orders","products","subscriptions","users"]
[2026-05-17T05:09:09.035Z] getTables - Current DB: sqlbot_db, Tables count: 5, Tables: ["employees","orders","products","subscriptions","users"]
[2026-05-17T05:09:09.055Z] getTables - Current DB: sqlbot_db, Tables count: 5, Tables: ["employees","orders","products","subscriptions","users"]
[2026-05-17T05:11:56.202Z] getTables - Current DB: sqlbot_db, Tables count: 5, Tables: ["employees","orders","products","subscriptions","users"]
[2026-05-17T05:11:56.212Z] getTables - Current DB: sqlbot_db, Tables count: 5, Tables: ["employees","orders","products","subscriptions","users"]
[2026-05-17T05:12:23.172Z] getTables - Current DB: sqlbot_db, Tables count: 5, Tables: ["employees","orders","products","subscriptions","users"]
[2026-05-17T05:12:23.188Z] getTables - Current DB: sqlbot_db, Tables count: 5, Tables: ["employees","orders","products","subscriptions","users"]
[2026-05-17T05:12:26.465Z] getTables - Current DB: sqlbot_db, Tables count: 5, Tables: ["employees","orders","products","subscriptions","users"]
[2026-05-17T05:12:26.508Z] getTables - Current DB: sqlbot_db, Tables count: 5, Tables: ["employees","orders","products","subscriptions","users"]
[2026-05-17T05:22:49.036Z] getTables - Current DB: sqlbot_db, Tables count: 5, Tables: ["employees","orders","products","subscriptions","users"]
[2026-05-17T05:22:49.051Z] getTables - Current DB: sqlbot_db, Tables count: 5, Tables: ["employees","orders","products","subscriptions","users"]
[2026-05-17T05:22:52.781Z] switchDatabase - Request to switch to: performance_schema
[2026-05-17T05:22:52.837Z] getTables - Current DB: performance_schema, Tables count: 111, Tables: ["accounts","binary_log_transaction_compression_stats","cond_instances","data_lock_waits","data_locks","error_log","events_errors_summary_by_account_by_error","events_errors_summary_by_host_by_error","events_errors_summary_by_thread_by_error","events_errors_summary_by_user_by_error","events_errors_summary_global_by_error","events_stages_current","events_stages_history","events_stages_history_long","events_stages_summary_by_account_by_event_name","events_stages_summary_by_host_by_event_name","events_stages_summary_by_thread_by_event_name","events_stages_summary_by_user_by_event_name","events_stages_summary_global_by_event_name","events_statements_current","events_statements_histogram_by_digest","events_statements_histogram_global","events_statements_history","events_statements_history_long","events_statements_summary_by_account_by_event_name","events_statements_summary_by_digest","events_statements_summary_by_host_by_event_name","events_statements_summary_by_program","events_statements_summary_by_thread_by_event_name","events_statements_summary_by_user_by_event_name","events_statements_summary_global_by_event_name","events_transactions_current","events_transactions_history","events_transactions_history_long","events_transactions_summary_by_account_by_event_name","events_transactions_summary_by_host_by_event_name","events_transactions_summary_by_thread_by_event_name","events_transactions_summary_by_user_by_event_name","events_transactions_summary_global_by_event_name","events_waits_current","events_waits_history","events_waits_history_long","events_waits_summary_by_account_by_event_name","events_waits_summary_by_host_by_event_name","events_waits_summary_by_instance","events_waits_summary_by_thread_by_event_name","events_waits_summary_by_user_by_event_name","events_waits_summary_global_by_event_name","file_instances","file_summary_by_event_name","file_summary_by_instance","global_status","global_variables","host_cache","hosts","innodb_redo_log_files","keyring_component_status","keyring_keys","log_status","memory_summary_by_account_by_event_name","memory_summary_by_host_by_event_name","memory_summary_by_thread_by_event_name","memory_summary_by_user_by_event_name","memory_summary_global_by_event_name","metadata_locks","mutex_instances","objects_summary_global_by_type","performance_timers","persisted_variables","prepared_statements_instances","processlist","replication_applier_configuration","replication_applier_filters","replication_applier_global_filters","replication_applier_status","replication_applier_status_by_coordinator","replication_applier_status_by_worker","replication_asynchronous_connection_failover","replication_asynchronous_connection_failover_managed","replication_connection_configuration","replication_connection_status","replication_group_member_stats","replication_group_members","rwlock_instances","session_account_connect_attrs","session_connect_attrs","session_status","session_variables","setup_actors","setup_consumers","setup_instruments","setup_objects","setup_threads","socket_instances","socket_summary_by_event_name","socket_summary_by_instance","status_by_account","status_by_host","status_by_thread","status_by_user","table_handles","table_io_waits_summary_by_index_usage","table_io_waits_summary_by_table","table_lock_waits_summary_by_table","threads","tls_channel_status","user_defined_functions","user_variables_by_thread","users","variables_by_thread","variables_info"]
[2026-05-17T05:22:55.500Z] switchDatabase - Request to switch to: sqlbot_db
[2026-05-17T05:22:55.570Z] getTables - Current DB: sqlbot_db, Tables count: 5, Tables: ["employees","orders","products","subscriptions","users"]
[2026-05-17T05:25:17.308Z] getTables - Current DB: sqlbot_db, Tables count: 5, Tables: ["employees","orders","products","subscriptions","users"]
[2026-05-17T05:25:17.323Z] getTables - Current DB: sqlbot_db, Tables count: 5, Tables: ["employees","orders","products","subscriptions","users"]
[2026-05-17T05:25:26.207Z] getTables - Current DB: sqlbot_db, Tables count: 5, Tables: ["employees","orders","products","subscriptions","users"]
[2026-05-17T05:25:26.214Z] getTables - Current DB: sqlbot_db, Tables count: 5, Tables: ["employees","orders","products","subscriptions","users"]
[2026-05-17T05:25:29.194Z] switchDatabase - Request to switch to: mysql
[2026-05-17T05:25:29.261Z] getTables - Current DB: mysql, Tables count: 38, Tables: ["columns_priv","component","db","default_roles","engine_cost","func","general_log","global_grants","gtid_executed","help_category","help_keyword","help_relation","help_topic","innodb_index_stats","innodb_table_stats","ndb_binlog_index","password_history","plugin","procs_priv","proxies_priv","replication_asynchronous_connection_failover","replication_asynchronous_connection_failover_managed","replication_group_configuration_version","replication_group_member_actions","role_edges","server_cost","servers","slave_master_info","slave_relay_log_info","slave_worker_info","slow_log","tables_priv","time_zone","time_zone_leap_second","time_zone_name","time_zone_transition","time_zone_transition_type","user"]
[2026-05-17T05:26:05.305Z] getTables - Current DB: mysql, Tables count: 38, Tables: ["columns_priv","component","db","default_roles","engine_cost","func","general_log","global_grants","gtid_executed","help_category","help_keyword","help_relation","help_topic","innodb_index_stats","innodb_table_stats","ndb_binlog_index","password_history","plugin","procs_priv","proxies_priv","replication_asynchronous_connection_failover","replication_asynchronous_connection_failover_managed","replication_group_configuration_version","replication_group_member_actions","role_edges","server_cost","servers","slave_master_info","slave_relay_log_info","slave_worker_info","slow_log","tables_priv","time_zone","time_zone_leap_second","time_zone_name","time_zone_transition","time_zone_transition_type","user"]
[2026-05-17T05:26:05.318Z] getTables - Current DB: mysql, Tables count: 38, Tables: ["columns_priv","component","db","default_roles","engine_cost","func","general_log","global_grants","gtid_executed","help_category","help_keyword","help_relation","help_topic","innodb_index_stats","innodb_table_stats","ndb_binlog_index","password_history","plugin","procs_priv","proxies_priv","replication_asynchronous_connection_failover","replication_asynchronous_connection_failover_managed","replication_group_configuration_version","replication_group_member_actions","role_edges","server_cost","servers","slave_master_info","slave_relay_log_info","slave_worker_info","slow_log","tables_priv","time_zone","time_zone_leap_second","time_zone_name","time_zone_transition","time_zone_transition_type","user"]
[2026-05-17T05:26:11.509Z] getTables - Current DB: mysql, Tables count: 38, Tables: ["columns_priv","component","db","default_roles","engine_cost","func","general_log","global_grants","gtid_executed","help_category","help_keyword","help_relation","help_topic","innodb_index_stats","innodb_table_stats","ndb_binlog_index","password_history","plugin","procs_priv","proxies_priv","replication_asynchronous_connection_failover","replication_asynchronous_connection_failover_managed","replication_group_configuration_version","replication_group_member_actions","role_edges","server_cost","servers","slave_master_info","slave_relay_log_info","slave_worker_info","slow_log","tables_priv","time_zone","time_zone_leap_second","time_zone_name","time_zone_transition","time_zone_transition_type","user"]
[2026-05-17T05:26:11.520Z] getTables - Current DB: mysql, Tables count: 38, Tables: ["columns_priv","component","db","default_roles","engine_cost","func","general_log","global_grants","gtid_executed","help_category","help_keyword","help_relation","help_topic","innodb_index_stats","innodb_table_stats","ndb_binlog_index","password_history","plugin","procs_priv","proxies_priv","replication_asynchronous_connection_failover","replication_asynchronous_connection_failover_managed","replication_group_configuration_version","replication_group_member_actions","role_edges","server_cost","servers","slave_master_info","slave_relay_log_info","slave_worker_info","slow_log","tables_priv","time_zone","time_zone_leap_second","time_zone_name","time_zone_transition","time_zone_transition_type","user"]
[2026-05-17T05:26:18.557Z] switchDatabase - Request to switch to: moviesdb
[2026-05-17T05:26:18.586Z] getTables - Current DB: moviesdb, Tables count: 5, Tables: ["actors","financials","languages","movie_actor","movies"]
[2026-05-26T03:24:38.529Z] getTables - Current DB: sqlbot_db, Tables count: 5, Tables: ["employees","orders","products","subscriptions","users"]
[2026-05-26T03:24:38.535Z] getTables - Current DB: sqlbot_db, Tables count: 5, Tables: ["employees","orders","products","subscriptions","users"]
[2026-05-26T03:24:45.372Z] getTables - Current DB: sqlbot_db, Tables count: 5, Tables: ["employees","orders","products","subscriptions","users"]
[2026-05-26T03:24:45.393Z] getTables - Current DB: sqlbot_db, Tables count: 5, Tables: ["employees","orders","products","subscriptions","users"]
[2026-05-26T03:24:48.775Z] switchDatabase - Request to switch to: mysql
[2026-05-26T03:24:48.847Z] getTables - Current DB: mysql, Tables count: 38, Tables: ["columns_priv","component","db","default_roles","engine_cost","func","general_log","global_grants","gtid_executed","help_category","help_keyword","help_relation","help_topic","innodb_index_stats","innodb_table_stats","ndb_binlog_index","password_history","plugin","procs_priv","proxies_priv","replication_asynchronous_connection_failover","replication_asynchronous_connection_failover_managed","replication_group_configuration_version","replication_group_member_actions","role_edges","server_cost","servers","slave_master_info","slave_relay_log_info","slave_worker_info","slow_log","tables_priv","time_zone","time_zone_leap_second","time_zone_name","time_zone_transition","time_zone_transition_type","user"]
[2026-05-26T03:24:51.638Z] switchDatabase - Request to switch to: sakila
[2026-05-26T03:24:51.688Z] getTables - Current DB: sakila, Tables count: 23, Tables: ["actor","actor_info","address","category","city","country","customer","customer_list","film","film_actor","film_category","film_list","film_text","inventory","language","nicer_but_slower_film_list","payment","rental","sales_by_film_category","sales_by_store","staff","staff_list","store"]
[2026-05-29T02:16:06.815Z] getTables - Current DB: sqlbot_db, Tables count: 5, Tables: ["employees","orders","products","subscriptions","users"]
[2026-05-29T02:16:06.839Z] getTables - Current DB: sqlbot_db, Tables count: 5, Tables: ["employees","orders","products","subscriptions","users"]
[2026-05-29T02:28:24.365Z] getTables - Current DB: sqlbot_db, Tables count: 5, Tables: ["employees","orders","products","subscriptions","users"]
[2026-05-29T02:28:24.393Z] getTables - Current DB: sqlbot_db, Tables count: 5, Tables: ["employees","orders","products","subscriptions","users"]
[2026-05-29T02:34:13.830Z] getTables - Current DB: sqlbot_db, Tables count: 5, Tables: ["employees","orders","products","subscriptions","users"]
[2026-05-29T02:34:13.841Z] getTables - Current DB: sqlbot_db, Tables count: 5, Tables: ["employees","orders","products","subscriptions","users"]
[2026-05-29T02:41:20.682Z] getTables - Current DB: sqlbot_db, Tables count: 5, Tables: ["employees","orders","products","subscriptions","users"]
[2026-05-29T02:41:20.706Z] getTables - Current DB: sqlbot_db, Tables count: 5, Tables: ["employees","orders","products","subscriptions","users"]
[2026-05-29T02:42:44.935Z] getTables - Current DB: sqlbot_db, Tables count: 5, Tables: ["employees","orders","products","subscriptions","users"]
[2026-05-29T02:42:44.943Z] getTables - Current DB: sqlbot_db, Tables count: 5, Tables: ["employees","orders","products","subscriptions","users"]
[2026-05-29T02:42:55.199Z] getTables - Current DB: sqlbot_db, Tables count: 5, Tables: ["employees","orders","products","subscriptions","users"]
[2026-05-29T02:42:55.213Z] getTables - Current DB: sqlbot_db, Tables count: 5, Tables: ["employees","orders","products","subscriptions","users"]
[2026-05-29T02:49:51.867Z] getTables - Current DB: sqlbot_db, Tables count: 5, Tables: ["employees","orders","products","subscriptions","users"]
[2026-05-29T02:49:51.884Z] getTables - Current DB: sqlbot_db, Tables count: 5, Tables: ["employees","orders","products","subscriptions","users"]
[2026-05-29T03:37:23.374Z] getTables - Current DB: sqlbot_db, Tables count: 5, Tables: ["employees","orders","products","subscriptions","users"]
[2026-05-29T03:37:23.531Z] getTables - Current DB: sqlbot_db, Tables count: 5, Tables: ["employees","orders","products","subscriptions","users"]
[2026-05-29T03:38:01.357Z] getTables - Current DB: sqlbot_db, Tables count: 5, Tables: ["employees","orders","products","subscriptions","users"]
[2026-05-29T03:38:01.437Z] getTables - Current DB: sqlbot_db, Tables count: 5, Tables: ["employees","orders","products","subscriptions","users"]
[2026-05-29T03:38:10.005Z] getTables - Current DB: sqlbot_db, Tables count: 5, Tables: ["employees","orders","products","subscriptions","users"]
[2026-05-29T03:38:10.057Z] getTables - Current DB: sqlbot_db, Tables count: 5, Tables: ["employees","orders","products","subscriptions","users"]
[2026-06-05T03:31:16.082Z] getTables - Current DB: sqlbot_db, Tables count: 5, Tables: ["employees","orders","products","subscriptions","users"]
[2026-06-05T03:31:16.088Z] getTables - Current DB: sqlbot_db, Tables count: 5, Tables: ["employees","orders","products","subscriptions","users"]
[2026-06-05T03:32:05.145Z] getTables - Current DB: sqlbot_db, Tables count: 5, Tables: ["employees","orders","products","subscriptions","users"]
[2026-06-05T03:32:05.222Z] getTables - Current DB: sqlbot_db, Tables count: 5, Tables: ["employees","orders","products","subscriptions","users"]
[2026-06-05T03:32:20.514Z] getTables - Current DB: sqlbot_db, Tables count: 5, Tables: ["employees","orders","products","subscriptions","users"]
[2026-06-05T03:32:20.526Z] getTables - Current DB: sqlbot_db, Tables count: 5, Tables: ["employees","orders","products","subscriptions","users"]
[2026-06-05T03:32:42.195Z] getTables - Current DB: sqlbot_db, Tables count: 5, Tables: ["employees","orders","products","subscriptions","users"]
[2026-06-05T03:32:42.207Z] getTables - Current DB: sqlbot_db, Tables count: 5, Tables: ["employees","orders","products","subscriptions","users"]
[2026-06-05T03:35:48.681Z] switchDatabase - Request to switch to: sys
[2026-06-05T03:35:59.267Z] switchDatabase - Request to switch to: sqlbot_db
[2026-06-05T03:41:10.510Z] switchDatabase - Request to switch to: information_schema
[2026-06-05T03:46:47.119Z] getTables - Current DB: information_schema, Tables count: 79, Tables: ["ADMINISTRABLE_ROLE_AUTHORIZATIONS","APPLICABLE_ROLES","CHARACTER_SETS","CHECK_CONSTRAINTS","COLLATION_CHARACTER_SET_APPLICABILITY","COLLATIONS","COLUMN_PRIVILEGES","COLUMN_STATISTICS","COLUMNS","COLUMNS_EXTENSIONS","ENABLED_ROLES","ENGINES","EVENTS","FILES","INNODB_BUFFER_PAGE","INNODB_BUFFER_PAGE_LRU","INNODB_BUFFER_POOL_STATS","INNODB_CACHED_INDEXES","INNODB_CMP","INNODB_CMP_PER_INDEX","INNODB_CMP_PER_INDEX_RESET","INNODB_CMP_RESET","INNODB_CMPMEM","INNODB_CMPMEM_RESET","INNODB_COLUMNS","INNODB_DATAFILES","INNODB_FIELDS","INNODB_FOREIGN","INNODB_FOREIGN_COLS","INNODB_FT_BEING_DELETED","INNODB_FT_CONFIG","INNODB_FT_DEFAULT_STOPWORD","INNODB_FT_DELETED","INNODB_FT_INDEX_CACHE","INNODB_FT_INDEX_TABLE","INNODB_INDEXES","INNODB_METRICS","INNODB_SESSION_TEMP_TABLESPACES","INNODB_TABLES","INNODB_TABLESPACES","INNODB_TABLESPACES_BRIEF","INNODB_TABLESTATS","INNODB_TEMP_TABLE_INFO","INNODB_TRX","INNODB_VIRTUAL","KEY_COLUMN_USAGE","KEYWORDS","OPTIMIZER_TRACE","PARAMETERS","PARTITIONS","PLUGINS","PROCESSLIST","PROFILING","REFERENTIAL_CONSTRAINTS","RESOURCE_GROUPS","ROLE_COLUMN_GRANTS","ROLE_ROUTINE_GRANTS","ROLE_TABLE_GRANTS","ROUTINES","SCHEMA_PRIVILEGES","SCHEMATA","SCHEMATA_EXTENSIONS","ST_GEOMETRY_COLUMNS","ST_SPATIAL_REFERENCE_SYSTEMS","ST_UNITS_OF_MEASURE","STATISTICS","TABLE_CONSTRAINTS","TABLE_CONSTRAINTS_EXTENSIONS","TABLE_PRIVILEGES","TABLES","TABLES_EXTENSIONS","TABLESPACES","TABLESPACES_EXTENSIONS","TRIGGERS","USER_ATTRIBUTES","USER_PRIVILEGES","VIEW_ROUTINE_USAGE","VIEW_TABLE_USAGE","VIEWS"]
[2026-06-05T03:46:47.635Z] getTables - Current DB: information_schema, Tables count: 79, Tables: ["ADMINISTRABLE_ROLE_AUTHORIZATIONS","APPLICABLE_ROLES","CHARACTER_SETS","CHECK_CONSTRAINTS","COLLATION_CHARACTER_SET_APPLICABILITY","COLLATIONS","COLUMN_PRIVILEGES","COLUMN_STATISTICS","COLUMNS","COLUMNS_EXTENSIONS","ENABLED_ROLES","ENGINES","EVENTS","FILES","INNODB_BUFFER_PAGE","INNODB_BUFFER_PAGE_LRU","INNODB_BUFFER_POOL_STATS","INNODB_CACHED_INDEXES","INNODB_CMP","INNODB_CMP_PER_INDEX","INNODB_CMP_PER_INDEX_RESET","INNODB_CMP_RESET","INNODB_CMPMEM","INNODB_CMPMEM_RESET","INNODB_COLUMNS","INNODB_DATAFILES","INNODB_FIELDS","INNODB_FOREIGN","INNODB_FOREIGN_COLS","INNODB_FT_BEING_DELETED","INNODB_FT_CONFIG","INNODB_FT_DEFAULT_STOPWORD","INNODB_FT_DELETED","INNODB_FT_INDEX_CACHE","INNODB_FT_INDEX_TABLE","INNODB_INDEXES","INNODB_METRICS","INNODB_SESSION_TEMP_TABLESPACES","INNODB_TABLES","INNODB_TABLESPACES","INNODB_TABLESPACES_BRIEF","INNODB_TABLESTATS","INNODB_TEMP_TABLE_INFO","INNODB_TRX","INNODB_VIRTUAL","KEY_COLUMN_USAGE","KEYWORDS","OPTIMIZER_TRACE","PARAMETERS","PARTITIONS","PLUGINS","PROCESSLIST","PROFILING","REFERENTIAL_CONSTRAINTS","RESOURCE_GROUPS","ROLE_COLUMN_GRANTS","ROLE_ROUTINE_GRANTS","ROLE_TABLE_GRANTS","ROUTINES","SCHEMA_PRIVILEGES","SCHEMATA","SCHEMATA_EXTENSIONS","ST_GEOMETRY_COLUMNS","ST_SPATIAL_REFERENCE_SYSTEMS","ST_UNITS_OF_MEASURE","STATISTICS","TABLE_CONSTRAINTS","TABLE_CONSTRAINTS_EXTENSIONS","TABLE_PRIVILEGES","TABLES","TABLES_EXTENSIONS","TABLESPACES","TABLESPACES_EXTENSIONS","TRIGGERS","USER_ATTRIBUTES","USER_PRIVILEGES","VIEW_ROUTINE_USAGE","VIEW_TABLE_USAGE","VIEWS"]
[2026-06-05T03:49:58.571Z] getTables - Current DB: information_schema, Tables count: 79, Tables: ["ADMINISTRABLE_ROLE_AUTHORIZATIONS","APPLICABLE_ROLES","CHARACTER_SETS","CHECK_CONSTRAINTS","COLLATION_CHARACTER_SET_APPLICABILITY","COLLATIONS","COLUMN_PRIVILEGES","COLUMN_STATISTICS","COLUMNS","COLUMNS_EXTENSIONS","ENABLED_ROLES","ENGINES","EVENTS","FILES","INNODB_BUFFER_PAGE","INNODB_BUFFER_PAGE_LRU","INNODB_BUFFER_POOL_STATS","INNODB_CACHED_INDEXES","INNODB_CMP","INNODB_CMP_PER_INDEX","INNODB_CMP_PER_INDEX_RESET","INNODB_CMP_RESET","INNODB_CMPMEM","INNODB_CMPMEM_RESET","INNODB_COLUMNS","INNODB_DATAFILES","INNODB_FIELDS","INNODB_FOREIGN","INNODB_FOREIGN_COLS","INNODB_FT_BEING_DELETED","INNODB_FT_CONFIG","INNODB_FT_DEFAULT_STOPWORD","INNODB_FT_DELETED","INNODB_FT_INDEX_CACHE","INNODB_FT_INDEX_TABLE","INNODB_INDEXES","INNODB_METRICS","INNODB_SESSION_TEMP_TABLESPACES","INNODB_TABLES","INNODB_TABLESPACES","INNODB_TABLESPACES_BRIEF","INNODB_TABLESTATS","INNODB_TEMP_TABLE_INFO","INNODB_TRX","INNODB_VIRTUAL","KEY_COLUMN_USAGE","KEYWORDS","OPTIMIZER_TRACE","PARAMETERS","PARTITIONS","PLUGINS","PROCESSLIST","PROFILING","REFERENTIAL_CONSTRAINTS","RESOURCE_GROUPS","ROLE_COLUMN_GRANTS","ROLE_ROUTINE_GRANTS","ROLE_TABLE_GRANTS","ROUTINES","SCHEMA_PRIVILEGES","SCHEMATA","SCHEMATA_EXTENSIONS","ST_GEOMETRY_COLUMNS","ST_SPATIAL_REFERENCE_SYSTEMS","ST_UNITS_OF_MEASURE","STATISTICS","TABLE_CONSTRAINTS","TABLE_CONSTRAINTS_EXTENSIONS","TABLE_PRIVILEGES","TABLES","TABLES_EXTENSIONS","TABLESPACES","TABLESPACES_EXTENSIONS","TRIGGERS","USER_ATTRIBUTES","USER_PRIVILEGES","VIEW_ROUTINE_USAGE","VIEW_TABLE_USAGE","VIEWS"]
[2026-06-05T03:49:58.666Z] getTables - Current DB: information_schema, Tables count: 79, Tables: ["ADMINISTRABLE_ROLE_AUTHORIZATIONS","APPLICABLE_ROLES","CHARACTER_SETS","CHECK_CONSTRAINTS","COLLATION_CHARACTER_SET_APPLICABILITY","COLLATIONS","COLUMN_PRIVILEGES","COLUMN_STATISTICS","COLUMNS","COLUMNS_EXTENSIONS","ENABLED_ROLES","ENGINES","EVENTS","FILES","INNODB_BUFFER_PAGE","INNODB_BUFFER_PAGE_LRU","INNODB_BUFFER_POOL_STATS","INNODB_CACHED_INDEXES","INNODB_CMP","INNODB_CMP_PER_INDEX","INNODB_CMP_PER_INDEX_RESET","INNODB_CMP_RESET","INNODB_CMPMEM","INNODB_CMPMEM_RESET","INNODB_COLUMNS","INNODB_DATAFILES","INNODB_FIELDS","INNODB_FOREIGN","INNODB_FOREIGN_COLS","INNODB_FT_BEING_DELETED","INNODB_FT_CONFIG","INNODB_FT_DEFAULT_STOPWORD","INNODB_FT_DELETED","INNODB_FT_INDEX_CACHE","INNODB_FT_INDEX_TABLE","INNODB_INDEXES","INNODB_METRICS","INNODB_SESSION_TEMP_TABLESPACES","INNODB_TABLES","INNODB_TABLESPACES","INNODB_TABLESPACES_BRIEF","INNODB_TABLESTATS","INNODB_TEMP_TABLE_INFO","INNODB_TRX","INNODB_VIRTUAL","KEY_COLUMN_USAGE","KEYWORDS","OPTIMIZER_TRACE","PARAMETERS","PARTITIONS","PLUGINS","PROCESSLIST","PROFILING","REFERENTIAL_CONSTRAINTS","RESOURCE_GROUPS","ROLE_COLUMN_GRANTS","ROLE_ROUTINE_GRANTS","ROLE_TABLE_GRANTS","ROUTINES","SCHEMA_PRIVILEGES","SCHEMATA","SCHEMATA_EXTENSIONS","ST_GEOMETRY_COLUMNS","ST_SPATIAL_REFERENCE_SYSTEMS","ST_UNITS_OF_MEASURE","STATISTICS","TABLE_CONSTRAINTS","TABLE_CONSTRAINTS_EXTENSIONS","TABLE_PRIVILEGES","TABLES","TABLES_EXTENSIONS","TABLESPACES","TABLESPACES_EXTENSIONS","TRIGGERS","USER_ATTRIBUTES","USER_PRIVILEGES","VIEW_ROUTINE_USAGE","VIEW_TABLE_USAGE","VIEWS"]
[2026-06-05T03:54:39.721Z] switchDatabase - Request to switch to: sqlbot_db
[2026-06-06T02:07:04.307Z] getTables - Current DB: sqlbot_db, Tables count: 5, Tables: ["employees","orders","products","subscriptions","users"]
[2026-06-06T02:07:04.323Z] getTables - Current DB: sqlbot_db, Tables count: 5, Tables: ["employees","orders","products","subscriptions","users"]
[2026-06-06T02:08:03.272Z] getTables - Current DB: sqlbot_db, Tables count: 5, Tables: ["employees","orders","products","subscriptions","users"]
[2026-06-06T02:08:03.288Z] getTables - Current DB: sqlbot_db, Tables count: 5, Tables: ["employees","orders","products","subscriptions","users"]
[2026-06-06T02:08:38.247Z] getTables - Current DB: sqlbot_db, Tables count: 5, Tables: ["employees","orders","products","subscriptions","users"]
[2026-06-06T02:08:38.271Z] getTables - Current DB: sqlbot_db, Tables count: 5, Tables: ["employees","orders","products","subscriptions","users"]
[2026-06-06T02:08:50.177Z] getTables - Current DB: sqlbot_db, Tables count: 5, Tables: ["employees","orders","products","subscriptions","users"]
[2026-06-06T02:08:50.193Z] getTables - Current DB: sqlbot_db, Tables count: 5, Tables: ["employees","orders","products","subscriptions","users"]
[2026-06-06T02:09:32.852Z] getTables - Current DB: sqlbot_db, Tables count: 5, Tables: ["employees","orders","products","subscriptions","users"]
[2026-06-06T02:09:32.863Z] getTables - Current DB: sqlbot_db, Tables count: 5, Tables: ["employees","orders","products","subscriptions","users"]
[2026-06-06T02:09:50.306Z] getTables - Current DB: sqlbot_db, Tables count: 5, Tables: ["employees","orders","products","subscriptions","users"]
[2026-06-06T02:09:50.319Z] getTables - Current DB: sqlbot_db, Tables count: 5, Tables: ["employees","orders","products","subscriptions","users"]
[2026-06-06T02:12:56.753Z] getTables - Current DB: sqlbot_db, Tables count: 5, Tables: ["employees","orders","products","subscriptions","users"]
[2026-06-06T02:12:56.765Z] getTables - Current DB: sqlbot_db, Tables count: 5, Tables: ["employees","orders","products","subscriptions","users"]
[2026-06-06T02:12:59.308Z] getTables - Current DB: sqlbot_db, Tables count: 5, Tables: ["employees","orders","products","subscriptions","users"]
[2026-06-06T02:12:59.319Z] getTables - Current DB: sqlbot_db, Tables count: 5, Tables: ["employees","orders","products","subscriptions","users"]
[2026-06-06T02:16:03.721Z] getTables - Current DB: sqlbot_db, Tables count: 5, Tables: ["employees","orders","products","subscriptions","users"]
[2026-06-06T02:16:03.740Z] getTables - Current DB: sqlbot_db, Tables count: 5, Tables: ["employees","orders","products","subscriptions","users"]
[2026-06-06T02:18:29.164Z] getTables - Current DB: sqlbot_db, Tables count: 5, Tables: ["employees","orders","products","subscriptions","users"]
[2026-06-06T02:18:29.177Z] getTables - Current DB: sqlbot_db, Tables count: 5, Tables: ["employees","orders","products","subscriptions","users"]
[2026-06-06T02:21:41.230Z] getTables - Current DB: sqlbot_db, Tables count: 5, Tables: ["employees","orders","products","subscriptions","users"]
[2026-06-06T02:21:41.255Z] getTables - Current DB: sqlbot_db, Tables count: 5, Tables: ["employees","orders","products","subscriptions","users"]
[2026-06-06T02:26:49.647Z] getTables - Current DB: sqlbot_db, Tables count: 5, Tables: ["employees","orders","products","subscriptions","users"]
[2026-06-06T02:26:49.656Z] getTables - Current DB: sqlbot_db, Tables count: 5, Tables: ["employees","orders","products","subscriptions","users"]
[2026-06-06T02:29:02.686Z] getTables - Current DB: sqlbot_db, Tables count: 5, Tables: ["employees","orders","products","subscriptions","users"]
[2026-06-06T02:29:02.718Z] getTables - Current DB: sqlbot_db, Tables count: 5, Tables: ["employees","orders","products","subscriptions","users"]
[2026-06-06T02:29:06.878Z] switchDatabase - Request to switch to: sqlbot_db
[2026-06-06T02:29:06.949Z] getTables - Current DB: sqlbot_db, Tables count: 5, Tables: ["employees","orders","products","subscriptions","users"]
[2026-06-06T02:36:49.772Z] getTables - Current DB: sqlbot_db, Tables count: 5, Tables: ["employees","orders","products","subscriptions","users"]
[2026-06-06T02:36:49.803Z] getTables - Current DB: sqlbot_db, Tables count: 5, Tables: ["employees","orders","products","subscriptions","users"]
[2026-06-06T02:37:24.920Z] getTables - Current DB: sqlbot_db, Tables count: 5, Tables: ["employees","orders","products","subscriptions","users"]
[2026-06-06T02:37:24.933Z] getTables - Current DB: sqlbot_db, Tables count: 5, Tables: ["employees","orders","products","subscriptions","users"]
[2026-06-06T02:37:31.472Z] getTables - Current DB: sqlbot_db, Tables count: 5, Tables: ["employees","orders","products","subscriptions","users"]
[2026-06-06T02:37:31.491Z] getTables - Current DB: sqlbot_db, Tables count: 5, Tables: ["employees","orders","products","subscriptions","users"]
[2026-06-06T02:41:51.262Z] getTables - Current DB: sqlbot_db, Tables count: 5, Tables: ["employees","orders","products","subscriptions","users"]
[2026-06-06T02:41:51.269Z] getTables - Current DB: sqlbot_db, Tables count: 5, Tables: ["employees","orders","products","subscriptions","users"]
[2026-06-06T02:44:43.383Z] getTables - Current DB: sqlbot_db, Tables count: 6, Tables: ["chat_history","employees","orders","products","subscriptions","users"]
[2026-06-06T02:44:43.399Z] getTables - Current DB: sqlbot_db, Tables count: 6, Tables: ["chat_history","employees","orders","products","subscriptions","users"]
[2026-06-12T11:11:12.514Z] getTables - Current DB: sqlbot_db, Tables count: 6, Tables: ["chat_history","employees","orders","products","subscriptions","users"]
[2026-06-12T11:11:12.634Z] getTables - Current DB: sqlbot_db, Tables count: 6, Tables: ["chat_history","employees","orders","products","subscriptions","users"]
[2026-06-12T12:29:47.227Z] switchDatabase - Request to switch to: performance_schema
[2026-06-12T12:29:55.537Z] switchDatabase - Request to switch to: railway
[2026-06-12T12:29:59.891Z] getTables - Current DB: railway, Tables count: 5, Tables: ["chat_history","orders","products","subscriptions","users"]
[2026-06-12T12:30:00.351Z] getTables - Current DB: railway, Tables count: 5, Tables: ["chat_history","orders","products","subscriptions","users"]
[2026-06-13T02:32:06.944Z] getTables - Current DB: railway, Tables count: 5, Tables: ["chat_history","orders","products","subscriptions","users"]
[2026-06-13T02:32:07.413Z] getTables - Current DB: railway, Tables count: 5, Tables: ["chat_history","orders","products","subscriptions","users"]
